# Базовые понятия
Создаем файлы с префиксом или окончанием test
Создаем функции с префиксом test
Создаем классы с префиксом Test
Флаг -v / -q управления подробностью вывода
Флаг -s позволяет отображать print’ы
Отдельный файл, метод, класс передаем его команде pytest
-x / --maxfail=n Остановить тесты после 1-го или n-го падения
--collect-only Собрать информацию о тестах
--lf запустить только последние упавшие
Посмотреть все другие параметры -h

# Запуск отдельных файлов, функций, классов
pytest 0_pytest_intro/  # Запуск тестов в конкретной директории
pytest 0_pytest_intro/test_pytest_intro_1.py  # Запуск конкретного файла
pytest 0_pytest_intro/test_pytest_intro_1.py::TestClass  # Запуск конкретного класса
pytest 0_pytest_intro/test_pytest_intro_1.py::test_one  # Запуск конкретного теста

# Модули
pytest-html  # Отчет результатов тестов в формате html
pytest-json  # Отчет результатов тестов в формате json
pytest-xdist  # Для паралельного запуска тестов
allure-pytest  # Для

# Pytest-html
https://pytest-html.readthedocs.io/en/latest/

# Использование
-v / --verbose  # Управления подробностью вывода

